➜  ~ mkdir cursor-test // creating the project-folder

➜  ~ cd cursor-test // entering the project folder

➜  cursor-test git clone https://github.com/bogdjavor/cursor-test.git  // cloning the remote repository from github 

➜  cursor-test git:(master) git init // initializing the project                                          

➜  cursor-test git:(master) subl sample.txt // subl(subime text) creating a simple txt file

➜  cursor-test git:(master) ✗ git add sample.txt // adding the file in the staging area

➜  cursor-test git:(master) ✗ git commit // commiting the file to the local repository

➜  cursor-test git:(master) git status // checking the status

On branch master
Your branch is based on 'origin/master', but the upstream is gone.
  (use "git branch --unset-upstream" to fixup)

➜  cursor-test git:(master) git branch --unset-upstream // fixing the problem

➜  cursor-test git:(master) git checkout -b edit-branch // creating and entering the new branch

➜  cursor-test git:(edit-branch) subl instructions.txt // creating a new text document in the new branch

➜  cursor-test git:(edit-branch) ✗ git add . // adding document to the Staging area

➜  cursor-test git:(edit-branch) ✗ git commit -am "Adding instructions" // commiting changes to the local repository

➜  cursor-test git:(edit-branch) git push origin edit-branch // syncing the new branch with the remote repository

➜  cursor-test git:(edit-branch) git checkout master // entering the master branch

➜  cursor-test git:(master) git merge edit-branch // merging the master branch and the new branch
